#-----------------------------------------------------------
# Vivado v2018.3 (64-bit)
# SW Build 2405991 on Thu Dec  6 23:36:41 MST 2018
# IP Build 2404404 on Fri Dec  7 01:43:56 MST 2018
# Start of session at: Thu Jul 11 13:08:12 2019
# Process ID: 8295
# Current directory: /home/tansei/UTokyo/FL2019/week11/advanced1/prolog-interpreter
# Command line: vivado
# Log file: /home/tansei/UTokyo/FL2019/week11/advanced1/prolog-interpreter/vivado.log
# Journal file: /home/tansei/UTokyo/FL2019/week11/advanced1/prolog-interpreter/vivado.jou
#-----------------------------------------------------------
Sourcing tcl script '/home/tansei/.Xilinx/Vivado/Vivado_init.tcl'
start_gui
open_project /home/tansei/Hardware/kadai0704/axi_archive-2019/axi_archive/eval_datamover_axi_ic/eval_datamover_axi_ic.xpr
Scanning sources...
Finished scanning sources
INFO: [IP_Flow 19-234] Refreshing IP repositories
INFO: [IP_Flow 19-1704] No user IP repositories specified
INFO: [IP_Flow 19-2313] Loaded Vivado IP repository '/opt/Xilinx/Vivado/2018.3/data/ip'.
open_project: Time (s): cpu = 00:00:11 ; elapsed = 00:00:07 . Memory (MB): peak = 6383.199 ; gain = 70.734 ; free physical = 8008 ; free virtual = 27974
launch_simulation
INFO: [Vivado 12-5682] Launching behavioral simulation in '/home/tansei/Hardware/kadai0704/axi_archive-2019/axi_archive/eval_datamover_axi_ic/eval_datamover_axi_ic.sim/sim_1/behav/xsim'
INFO: [Vivado 12-4795] Using compiled simulation libraries for IPs
INFO: [SIM-utils-51] Simulation object is 'sim_1'
INFO: [USF-XSim-7] Finding pre-compiled libraries...
INFO: [USF-XSim-11] File '/opt/Xilinx/Vivado/2018.3/data/xsim/xsim.ini' copied to run dir:'/home/tansei/Hardware/kadai0704/axi_archive-2019/axi_archive/eval_datamover_axi_ic/eval_datamover_axi_ic.sim/sim_1/behav/xsim'
INFO: [SIM-utils-54] Inspecting design source files for 'design_1_wrapper' in fileset 'sim_1'...
INFO: [SIM-utils-43] Exported '/home/tansei/Hardware/kadai0704/axi_archive-2019/axi_archive/eval_datamover_axi_ic/eval_datamover_axi_ic.sim/sim_1/behav/xsim/design_1_blk_mem_gen_0_0.mif'
INFO: [SIM-utils-43] Exported '/home/tansei/Hardware/kadai0704/axi_archive-2019/axi_archive/eval_datamover_axi_ic/eval_datamover_axi_ic.sim/sim_1/behav/xsim/datamover_axi.coe'
INFO: [SIM-utils-43] Exported '/home/tansei/Hardware/kadai0704/axi_archive-2019/axi_archive/eval_datamover_axi_ic/eval_datamover_axi_ic.sim/sim_1/behav/xsim/design_1_blk_mem_gen_1_0.mif'
INFO: [SIM-utils-43] Exported '/home/tansei/Hardware/kadai0704/axi_archive-2019/axi_archive/eval_datamover_axi_ic/eval_datamover_axi_ic.sim/sim_1/behav/xsim/datamover_data.coe'
INFO: [USF-XSim-97] Finding global include files...
INFO: [USF-XSim-98] Fetching design files from 'sim_1'...
INFO: [USF-XSim-2] XSim::Compile design
INFO: [USF-XSim-61] Executing 'COMPILE and ANALYZE' step in '/home/tansei/Hardware/kadai0704/axi_archive-2019/axi_archive/eval_datamover_axi_ic/eval_datamover_axi_ic.sim/sim_1/behav/xsim'
xvlog --incr --relax -L smartconnect_v1_0 -L axi_protocol_checker_v2_0_4 -prj design_1_wrapper_vlog.prj
xvhdl --incr --relax -prj design_1_wrapper_vhdl.prj
INFO: [USF-XSim-69] 'compile' step finished in '2' seconds
INFO: [USF-XSim-3] XSim::Elaborate design
INFO: [USF-XSim-61] Executing 'ELABORATE' step in '/home/tansei/Hardware/kadai0704/axi_archive-2019/axi_archive/eval_datamover_axi_ic/eval_datamover_axi_ic.sim/sim_1/behav/xsim'
Vivado Simulator 2018.3
Copyright 1986-1999, 2001-2018 Xilinx, Inc. All Rights Reserved.
Running: /opt/Xilinx/Vivado/2018.3/bin/unwrapped/lnx64.o/xelab -wto 597a5b43e6154d2784e002b786282a77 --incr --debug typical --relax --mt 8 --include ../../../../eval_datamover_axi_ic.ip_user_files/bd/design_1/ip/design_1_xlconstant_0_0/sim --include ../../../../eval_datamover_axi_ic.ip_user_files/bd/design_1/ip/design_1_xlconstant_1_0/sim --include ../../../../eval_datamover_axi_ic.ip_user_files/bd/design_1/ip/design_1_xlconstant_2_0/sim --include ../../../../eval_datamover_axi_ic.ip_user_files/bd/design_1/ip/design_1_xlconstant_3_0/sim --include ../../../../eval_datamover_axi_ic.ip_user_files/bd/design_1/ip/design_1_xlconstant_4_0/sim --include ../../../../eval_datamover_axi_ic.ip_user_files/bd/design_1/ip/design_1_xlconstant_5_0/sim -L xil_defaultlib -L blk_mem_gen_v8_4_2 -L xbip_utils_v3_0_9 -L c_reg_fd_v12_0_5 -L c_mux_bit_v12_0_5 -L c_shift_ram_v12_0_12 -L xlconstant_v1_1_5 -L sim_clk_gen_v1_0_2 -L smartconnect_v1_0 -L axi_protocol_checker_v2_0_4 -L blk_mem_gen_v8_3_6 -L axi_bram_ctrl_v4_1_0 -L xlslice_v1_0_1 -L xbip_dsp48_wrapper_v3_0_4 -L xbip_pipe_v3_0_5 -L xbip_dsp48_addsub_v3_0_5 -L xbip_addsub_v3_0_5 -L c_addsub_v12_0_12 -L c_gate_bit_v12_0_5 -L xbip_counter_v3_0_5 -L c_counter_binary_v12_0_12 -L util_reduced_logic_v2_0_4 -L xlconcat_v2_1_1 -L generic_baseblocks_v2_1_0 -L axi_infrastructure_v1_1_0 -L axi_register_slice_v2_1_18 -L fifo_generator_v13_2_3 -L axi_data_fifo_v2_1_17 -L axi_crossbar_v2_1_19 -L unisims_ver -L unimacro_ver -L secureip -L xpm --snapshot design_1_wrapper_behav xil_defaultlib.design_1_wrapper xil_defaultlib.glbl -log elaborate.log 
Using 8 slave threads.
Starting static elaboration
Completed static elaboration
INFO: [XSIM 43-4323] No Change in HDL. Linking previously generated obj files to create kernel
INFO: [USF-XSim-69] 'elaborate' step finished in '3' seconds
INFO: [USF-XSim-4] XSim::Simulate design
INFO: [USF-XSim-61] Executing 'SIMULATE' step in '/home/tansei/Hardware/kadai0704/axi_archive-2019/axi_archive/eval_datamover_axi_ic/eval_datamover_axi_ic.sim/sim_1/behav/xsim'
INFO: [USF-XSim-98] *** Running xsim
   with args "design_1_wrapper_behav -key {Behavioral:sim_1:Functional:design_1_wrapper} -tclbatch {design_1_wrapper.tcl} -protoinst "protoinst_files/design_1.protoinst" -view {/home/tansei/Hardware/kadai0704/axi_archive-2019/axi_archive/eval_datamover_axi/design_1_wrapper_behav.wcfg} -log {simulate.log}"
INFO: [USF-XSim-8] Loading simulator feature
Vivado Simulator 2018.3
INFO: [Wavedata 42-565] Reading protoinst file protoinst_files/design_1.protoinst
INFO: [Wavedata 42-564]   Found protocol instance at /design_1_wrapper/design_1_i//axi_bram_ctrl_0/S_AXI
INFO: [Wavedata 42-564]   Found protocol instance at /design_1_wrapper/design_1_i//axi_bram_ctrl_1/S_AXI
INFO: [Wavedata 42-564]   Found protocol instance at /design_1_wrapper/design_1_i//axi_interconnect_0/M00_AXI
INFO: [Wavedata 42-564]   Found protocol instance at /design_1_wrapper/design_1_i//axi_interconnect_0/M01_AXI
INFO: [Wavedata 42-564]   Found protocol instance at /design_1_wrapper/design_1_i//axi_interconnect_0/S00_AXI
INFO: [Wavedata 42-564]   Found protocol instance at /design_1_wrapper/design_1_i//axi_interconnect_0/m00_couplers/M_AXI
INFO: [Wavedata 42-564]   Found protocol instance at /design_1_wrapper/design_1_i//axi_interconnect_0/m00_couplers/S_AXI
INFO: [Wavedata 42-564]   Found protocol instance at /design_1_wrapper/design_1_i//axi_interconnect_0/m01_couplers/M_AXI
INFO: [Wavedata 42-564]   Found protocol instance at /design_1_wrapper/design_1_i//axi_interconnect_0/m01_couplers/S_AXI
INFO: [Wavedata 42-564]   Found protocol instance at /design_1_wrapper/design_1_i//axi_interconnect_0/s00_couplers/M_AXI
INFO: [Wavedata 42-564]   Found protocol instance at /design_1_wrapper/design_1_i//axi_interconnect_0/s00_couplers/S_AXI
INFO: [Wavedata 42-564]   Found protocol instance at /design_1_wrapper/design_1_i//axi_interconnect_0/xbar/M00_AXI
INFO: [Wavedata 42-564]   Found protocol instance at /design_1_wrapper/design_1_i//axi_interconnect_0/xbar/M01_AXI
INFO: [Wavedata 42-564]   Found protocol instance at /design_1_wrapper/design_1_i//axi_interconnect_0/xbar/S00_AXI
INFO: [Wavedata 42-564]   Found protocol instance at /design_1_wrapper/design_1_i//axi_protocol_checker_0/PC_AXI
INFO: [Wavedata 42-564]   Found protocol instance at /design_1_wrapper/design_1_i//datamover_axi_wrap_0/axi
Time resolution is 1 ps
open_wave_config /home/tansei/Hardware/kadai0704/axi_archive-2019/axi_archive/eval_datamover_axi/design_1_wrapper_behav.wcfg
WARNING: Simulation object /design_1_wrapper/design_1_i/datamover_axi_wrap_0/inst/u1/instr_reg was not found in the design.
source design_1_wrapper.tcl
# set curr_wave [current_wave_config]
# if { [string length $curr_wave] == 0 } {
#   if { [llength [get_objects]] > 0} {
#     add_wave /
#     set_property needs_save false [current_wave_config]
#   } else {
#      send_msg_id Add_Wave-1 WARNING "No top level signals found. Simulator will start without a wave window. If you want to open a wave window go to 'File->New Waveform Configuration' or type 'create_wave_config' in the TCL console."
#   }
# }
# run 1000ns
Block Memory Generator module design_1_wrapper.design_1_i.axi_bram_ctrl_1_bram.inst.native_mem_mapped_module.blk_mem_gen_v8_4_2_inst is using a behavioral model for simulation which will not precisely model memory collision behavior.
 Block Memory Generator module loading initial data...
 Block Memory Generator data initialization complete.
Block Memory Generator module design_1_wrapper.design_1_i.blk_mem_gen_0.inst.native_mem_module.blk_mem_gen_v8_4_2_inst is using a behavioral model for simulation which will not precisely model memory collision behavior.
 Block Memory Generator module loading initial data...
 Block Memory Generator data initialization complete.
Block Memory Generator module design_1_wrapper.design_1_i.blk_mem_gen_1.inst.native_mem_module.blk_mem_gen_v8_4_2_inst is using a behavioral model for simulation which will not precisely model memory collision behavior.
Warning: AXI_ERRM_RREADY_X: When not in reset, a value of X on RREADY is not permitted. Spec: section A3.1.2.
Time: 25 ns  Iteration: 2  Process: /design_1_wrapper/design_1_i/axi_protocol_checker_0/inst/REP//design_1_wrapper/design_1_i/axi_protocol_checker_0/inst/REP/axi4_errm_rready_x  File: /wrk/2018.3/nightly/2018_12_06_2405991/packages/customer/vivado/data/ip/xilinx/axi_protocol_checker_v2_0/hdl/axi_protocol_checker_v2_0_vl_rfs.sv
Warning: AXI_ERRM_RREADY_X: When not in reset, a value of X on RREADY is not permitted. Spec: section A3.1.2.
Time: 35 ns  Iteration: 2  Process: /design_1_wrapper/design_1_i/axi_protocol_checker_0/inst/REP//design_1_wrapper/design_1_i/axi_protocol_checker_0/inst/REP/axi4_errm_rready_x  File: /wrk/2018.3/nightly/2018_12_06_2405991/packages/customer/vivado/data/ip/xilinx/axi_protocol_checker_v2_0/hdl/axi_protocol_checker_v2_0_vl_rfs.sv
Warning: AXI_ERRM_RREADY_X: When not in reset, a value of X on RREADY is not permitted. Spec: section A3.1.2.
Time: 45 ns  Iteration: 2  Process: /design_1_wrapper/design_1_i/axi_protocol_checker_0/inst/REP//design_1_wrapper/design_1_i/axi_protocol_checker_0/inst/REP/axi4_errm_rready_x  File: /wrk/2018.3/nightly/2018_12_06_2405991/packages/customer/vivado/data/ip/xilinx/axi_protocol_checker_v2_0/hdl/axi_protocol_checker_v2_0_vl_rfs.sv
Warning: AXI_ERRM_RREADY_X: When not in reset, a value of X on RREADY is not permitted. Spec: section A3.1.2.
Time: 55 ns  Iteration: 2  Process: /design_1_wrapper/design_1_i/axi_protocol_checker_0/inst/REP//design_1_wrapper/design_1_i/axi_protocol_checker_0/inst/REP/axi4_errm_rready_x  File: /wrk/2018.3/nightly/2018_12_06_2405991/packages/customer/vivado/data/ip/xilinx/axi_protocol_checker_v2_0/hdl/axi_protocol_checker_v2_0_vl_rfs.sv
Warning: AXI_ERRM_RREADY_X: When not in reset, a value of X on RREADY is not permitted. Spec: section A3.1.2.
Time: 65 ns  Iteration: 2  Process: /design_1_wrapper/design_1_i/axi_protocol_checker_0/inst/REP//design_1_wrapper/design_1_i/axi_protocol_checker_0/inst/REP/axi4_errm_rready_x  File: /wrk/2018.3/nightly/2018_12_06_2405991/packages/customer/vivado/data/ip/xilinx/axi_protocol_checker_v2_0/hdl/axi_protocol_checker_v2_0_vl_rfs.sv
Warning: AXI_ERRM_RREADY_X: When not in reset, a value of X on RREADY is not permitted. Spec: section A3.1.2.
Time: 75 ns  Iteration: 2  Process: /design_1_wrapper/design_1_i/axi_protocol_checker_0/inst/REP//design_1_wrapper/design_1_i/axi_protocol_checker_0/inst/REP/axi4_errm_rready_x  File: /wrk/2018.3/nightly/2018_12_06_2405991/packages/customer/vivado/data/ip/xilinx/axi_protocol_checker_v2_0/hdl/axi_protocol_checker_v2_0_vl_rfs.sv
Warning: AXI_ERRM_RREADY_X: When not in reset, a value of X on RREADY is not permitted. Spec: section A3.1.2.
Time: 85 ns  Iteration: 2  Process: /design_1_wrapper/design_1_i/axi_protocol_checker_0/inst/REP//design_1_wrapper/design_1_i/axi_protocol_checker_0/inst/REP/axi4_errm_rready_x  File: /wrk/2018.3/nightly/2018_12_06_2405991/packages/customer/vivado/data/ip/xilinx/axi_protocol_checker_v2_0/hdl/axi_protocol_checker_v2_0_vl_rfs.sv
Warning: AXI_ERRM_RREADY_X: When not in reset, a value of X on RREADY is not permitted. Spec: section A3.1.2.
Time: 95 ns  Iteration: 2  Process: /design_1_wrapper/design_1_i/axi_protocol_checker_0/inst/REP//design_1_wrapper/design_1_i/axi_protocol_checker_0/inst/REP/axi4_errm_rready_x  File: /wrk/2018.3/nightly/2018_12_06_2405991/packages/customer/vivado/data/ip/xilinx/axi_protocol_checker_v2_0/hdl/axi_protocol_checker_v2_0_vl_rfs.sv
Warning: AXI_ERRM_RREADY_X: When not in reset, a value of X on RREADY is not permitted. Spec: section A3.1.2.
Time: 105 ns  Iteration: 2  Process: /design_1_wrapper/design_1_i/axi_protocol_checker_0/inst/REP//design_1_wrapper/design_1_i/axi_protocol_checker_0/inst/REP/axi4_errm_rready_x  File: /wrk/2018.3/nightly/2018_12_06_2405991/packages/customer/vivado/data/ip/xilinx/axi_protocol_checker_v2_0/hdl/axi_protocol_checker_v2_0_vl_rfs.sv
Warning: AXI_ERRM_RREADY_X: When not in reset, a value of X on RREADY is not permitted. Spec: section A3.1.2.
Time: 115 ns  Iteration: 2  Process: /design_1_wrapper/design_1_i/axi_protocol_checker_0/inst/REP//design_1_wrapper/design_1_i/axi_protocol_checker_0/inst/REP/axi4_errm_rready_x  File: /wrk/2018.3/nightly/2018_12_06_2405991/packages/customer/vivado/data/ip/xilinx/axi_protocol_checker_v2_0/hdl/axi_protocol_checker_v2_0_vl_rfs.sv
INFO: [USF-XSim-96] XSim completed. Design snapshot 'design_1_wrapper_behav' loaded.
INFO: [USF-XSim-97] XSim simulation ran for 1000ns
launch_simulation: Time (s): cpu = 00:00:15 ; elapsed = 00:00:10 . Memory (MB): peak = 6667.332 ; gain = 0.000 ; free physical = 8046 ; free virtual = 28026
update_compile_order -fileset sources_1
run all
WARNING: [Simulator 45-29] Cannot open source file /wrk/2018.3/nightly/2018_12_06_2405991/packages/customer/vivado/data/ip/xilinx/axi_protocol_checker_v2_0/hdl/axi_protocol_checker_v2_0_vl_rfs.sv: file does not exist.
run: Time (s): cpu = 00:00:04 ; elapsed = 00:00:08 . Memory (MB): peak = 6667.332 ; gain = 0.000 ; free physical = 7204 ; free virtual = 27213
close_sim
INFO: [Simtcl 6-16] Simulation closed
exit
INFO: [Common 17-206] Exiting Vivado at Thu Jul 11 13:41:39 2019...
